
;; global options: +cmd
;; Got answer:
;; ->>HEADER<<- opcode: QUERY, status: NOERROR, id: <ID>
;; flags: qr aa; QUERY: 1, ANSWER: 1, AUTHORITY: 1, ADDITIONAL: 1

;; QUESTION SECTION:
;injdname.als.oi.<OURDOM>. IN AAAA

;; ANSWER SECTION:
injected.<OURDOM>. 60 IN DNAME always<RANDOM>.<OURDOM>.

;; AUTHORITY SECTION:
injected.<OURDOM>. 60 IN DNAME always<RANDOM>.<OURDOM>.

;; ADDITIONAL SECTION:
injected.<OURDOM>. 60 IN DNAME always<RANDOM>.<OURDOM>.

;; SERVER: 127.0.0.1#53(127.0.0.1) (UDP)
;; MSG SIZE  rcvd: <SIZE>
