
;; global options: +cmd
;; Got answer:
;; ->>HEADER<<- opcode: QUERY, status: NOERROR, id: <ID>
;; flags: qr aa; QUERY: 1, ANSWER: 1, AUTHORITY: 0, ADDITIONAL: 0

;; QUESTION SECTION:
;alias.nfz6.s1.p1.m9.6.46.<OURDOM>. IN A

;; ANSWER SECTION:
alias.nfz6.s1.p1.m9.6.46.<OURDOM>. 60 IN CNAME \.\.\.\.\.\.alias<RANDOM>.<OURDOM>.

;; SERVER: 127.0.0.1#53(127.0.0.1) (UDP)
;; MSG SIZE  rcvd: <SIZE>
