
;; global options: +cmd
;; Got answer:
;; ->>HEADER<<- opcode: QUERY, status: NOERROR, id: <ID>
;; flags: qr aa; QUERY: 1, ANSWER: 10, AUTHORITY: 0, ADDITIONAL: 0

;; QUESTION SECTION:
;always.10.cnk50.slp100.<OURDOM>. IN A

;; ANSWER SECTION:
always.10.cnk50.slp100.<OURDOM>. 60 IN A 2.3.4.5
always.10.cnk50.slp100.<OURDOM>. 60 IN A 2.3.4.5
always.10.cnk50.slp100.<OURDOM>. 60 IN A 2.3.4.5
always.10.cnk50.slp100.<OURDOM>. 60 IN A 2.3.4.5
always.10.cnk50.slp100.<OURDOM>. 60 IN A 2.3.4.5
always.10.cnk50.slp100.<OURDOM>. 60 IN A 2.3.4.5
always.10.cnk50.slp100.<OURDOM>. 60 IN A 2.3.4.5
always.10.cnk50.slp100.<OURDOM>. 60 IN A 2.3.4.5
always.10.cnk50.slp100.<OURDOM>. 60 IN A 2.3.4.5
always.10.cnk50.slp100.<OURDOM>. 60 IN A 2.3.4.5

;; SERVER: 127.0.0.1#53(127.0.0.1) (TCP)
;; MSG SIZE  rcvd: <SIZE>
