
;; global options: +cmd
;; Got answer:
;; ->>HEADER<<- opcode: QUERY, status: NOERROR, id: <ID>
;; flags: qr aa; QUERY: 1, ANSWER: 1, AUTHORITY: 0, ADDITIONAL: 0

;; QUESTION SECTION:
;<OURDOM>. IN TXT

;; ANSWER SECTION:
<OURDOM>. 60 IN TXT "hello, this is a testing domain"

;; SERVER: 127.0.0.1#53(127.0.0.1) (TCP)
;; MSG SIZE  rcvd: <SIZE>
