
;; global options: +cmd
;; Got answer:
;; ->>HEADER<<- opcode: QUERY, status: NOERROR, id: <ID>
;; flags: qr aa; QUERY: 1, ANSWER: 1, AUTHORITY: 0, ADDITIONAL: 0

;; QUESTION SECTION:
;alias.nfz3.s1.p11.m9.6.46.<OURDOM>. IN A

;; ANSWER SECTION:
alias.nfz3.s1.p11.m9.6.46.<OURDOM>. 60 IN CNAME alias.<OURDOM>\.\.\.\.\.\..

;; SERVER: 127.0.0.1#53(127.0.0.1) (UDP)
;; MSG SIZE  rcvd: <SIZE>
