
;; global options: +cmd
;; Got answer:
;; ->>HEADER<<- opcode: QUERY, status: NOERROR, id: <ID>
;; flags: qr aa; QUERY: 1, ANSWER: 1, AUTHORITY: 0, ADDITIONAL: 0

;; QUESTION SECTION:
;_sip.svalias.<OURDOM>. IN A

;; ANSWER SECTION:
_sip.svalias.<OURDOM>. 60 IN SVCB 0 _sip.svalias<RANDOM>.<OURDOM>.

;; SERVER: 127.0.0.1#53(127.0.0.1) (UDP)
;; MSG SIZE  rcvd: <SIZE>
