
;; global options: +cmd
;; Got answer:
;; ->>HEADER<<- opcode: QUERY, status: NOERROR, id: <ID>
;; flags: qr aa; QUERY: 1, ANSWER: 2, AUTHORITY: 2, ADDITIONAL: 2

;; QUESTION SECTION:
;inja.als.<OURDOM>. IN A

;; ANSWER SECTION:
inja.als.<OURDOM>. 60 IN A 1.2.3.4
injected.<OURDOM>. 60 IN A 6.6.6.0

;; AUTHORITY SECTION:
inja.als.<OURDOM>. 60 IN A 1.2.3.4
injected.<OURDOM>. 60 IN A 6.6.6.0

;; ADDITIONAL SECTION:
inja.als.<OURDOM>. 60 IN A 1.2.3.4
injected.<OURDOM>. 60 IN A 6.6.6.0

;; SERVER: 127.0.0.1#53(127.0.0.1) (UDP)
;; MSG SIZE  rcvd: <SIZE>
