
;; global options: +cmd
;; Got answer:
;; ->>HEADER<<- opcode: QUERY, status: NOERROR, id: <ID>
;; flags: qr aa; QUERY: 1, ANSWER: 257, AUTHORITY: 0, ADDITIONAL: 0

;; QUESTION SECTION:
;afuzz2.256.<OURDOM>. IN A

;; ANSWER SECTION:
af<NUL>zz2.256.<OURDOM>. 60 IN A 6.6.6.0
af\001zz2.256.<OURDOM>. 60 IN A 6.6.6.1
af\002zz2.256.<OURDOM>. 60 IN A 6.6.6.2
af\003zz2.256.<OURDOM>. 60 IN A 6.6.6.3
af\004zz2.256.<OURDOM>. 60 IN A 6.6.6.4
af\005zz2.256.<OURDOM>. 60 IN A 6.6.6.5
af\006zz2.256.<OURDOM>. 60 IN A 6.6.6.6
af\007zz2.256.<OURDOM>. 60 IN A 6.6.6.7
af\008zz2.256.<OURDOM>. 60 IN A 6.6.6.8
af\009zz2.256.<OURDOM>. 60 IN A 6.6.6.9
af\010zz2.256.<OURDOM>. 60 IN A 6.6.6.10
af\011zz2.256.<OURDOM>. 60 IN A 6.6.6.11
af\012zz2.256.<OURDOM>. 60 IN A 6.6.6.12
af\013zz2.256.<OURDOM>. 60 IN A 6.6.6.13
af\014zz2.256.<OURDOM>. 60 IN A 6.6.6.14
af\015zz2.256.<OURDOM>. 60 IN A 6.6.6.15
af\016zz2.256.<OURDOM>. 60 IN A 6.6.6.16
af\017zz2.256.<OURDOM>. 60 IN A 6.6.6.17
af\018zz2.256.<OURDOM>. 60 IN A 6.6.6.18
af\019zz2.256.<OURDOM>. 60 IN A 6.6.6.19
af\020zz2.256.<OURDOM>. 60 IN A 6.6.6.20
af\021zz2.256.<OURDOM>. 60 IN A 6.6.6.21
af\022zz2.256.<OURDOM>. 60 IN A 6.6.6.22
af\023zz2.256.<OURDOM>. 60 IN A 6.6.6.23
af\024zz2.256.<OURDOM>. 60 IN A 6.6.6.24
af\025zz2.256.<OURDOM>. 60 IN A 6.6.6.25
af\026zz2.256.<OURDOM>. 60 IN A 6.6.6.26
af\027zz2.256.<OURDOM>. 60 IN A 6.6.6.27
af\028zz2.256.<OURDOM>. 60 IN A 6.6.6.28
af\029zz2.256.<OURDOM>. 60 IN A 6.6.6.29
af\030zz2.256.<OURDOM>. 60 IN A 6.6.6.30
af\031zz2.256.<OURDOM>. 60 IN A 6.6.6.31
af\032zz2.256.<OURDOM>. 60 IN A 6.6.6.32
af!zz2.256.<OURDOM>. 60 IN A 6.6.6.33
af\"zz2.256.<OURDOM>. 60 IN A 6.6.6.34
af#zz2.256.<OURDOM>. 60 IN A 6.6.6.35
af\$zz2.256.<OURDOM>. 60 IN A 6.6.6.36
af%zz2.256.<OURDOM>. 60 IN A 6.6.6.37
af&zz2.256.<OURDOM>. 60 IN A 6.6.6.38
af'zz2.256.<OURDOM>. 60 IN A 6.6.6.39
af\(zz2.256.<OURDOM>. 60 IN A 6.6.6.40
af\)zz2.256.<OURDOM>. 60 IN A 6.6.6.41
af*zz2.256.<OURDOM>. 60 IN A 6.6.6.42
af+zz2.256.<OURDOM>. 60 IN A 6.6.6.43
af,zz2.256.<OURDOM>. 60 IN A 6.6.6.44
af-zz2.256.<OURDOM>. 60 IN A 6.6.6.45
af\.zz2.256.<OURDOM>. 60 IN A 6.6.6.46
af/zz2.256.<OURDOM>. 60 IN A 6.6.6.47
af0zz2.256.<OURDOM>. 60 IN A 6.6.6.48
af1zz2.256.<OURDOM>. 60 IN A 6.6.6.49
af2zz2.256.<OURDOM>. 60 IN A 6.6.6.50
af3zz2.256.<OURDOM>. 60 IN A 6.6.6.51
af4zz2.256.<OURDOM>. 60 IN A 6.6.6.52
af5zz2.256.<OURDOM>. 60 IN A 6.6.6.53
af6zz2.256.<OURDOM>. 60 IN A 6.6.6.54
af7zz2.256.<OURDOM>. 60 IN A 6.6.6.55
af8zz2.256.<OURDOM>. 60 IN A 6.6.6.56
af9zz2.256.<OURDOM>. 60 IN A 6.6.6.57
af:zz2.256.<OURDOM>. 60 IN A 6.6.6.58
af\;zz2.256.<OURDOM>. 60 IN A 6.6.6.59
af<zz2.256.<OURDOM>. 60 IN A 6.6.6.60
af=zz2.256.<OURDOM>. 60 IN A 6.6.6.61
af>zz2.256.<OURDOM>. 60 IN A 6.6.6.62
af?zz2.256.<OURDOM>. 60 IN A 6.6.6.63
af\@zz2.256.<OURDOM>. 60 IN A 6.6.6.64
afAzz2.256.<OURDOM>. 60 IN A 6.6.6.65
afBzz2.256.<OURDOM>. 60 IN A 6.6.6.66
afCzz2.256.<OURDOM>. 60 IN A 6.6.6.67
afDzz2.256.<OURDOM>. 60 IN A 6.6.6.68
afEzz2.256.<OURDOM>. 60 IN A 6.6.6.69
afFzz2.256.<OURDOM>. 60 IN A 6.6.6.70
afGzz2.256.<OURDOM>. 60 IN A 6.6.6.71
afHzz2.256.<OURDOM>. 60 IN A 6.6.6.72
afIzz2.256.<OURDOM>. 60 IN A 6.6.6.73
afJzz2.256.<OURDOM>. 60 IN A 6.6.6.74
afKzz2.256.<OURDOM>. 60 IN A 6.6.6.75
afLzz2.256.<OURDOM>. 60 IN A 6.6.6.76
afMzz2.256.<OURDOM>. 60 IN A 6.6.6.77
afNzz2.256.<OURDOM>. 60 IN A 6.6.6.78
afOzz2.256.<OURDOM>. 60 IN A 6.6.6.79
afPzz2.256.<OURDOM>. 60 IN A 6.6.6.80
afQzz2.256.<OURDOM>. 60 IN A 6.6.6.81
afRzz2.256.<OURDOM>. 60 IN A 6.6.6.82
afSzz2.256.<OURDOM>. 60 IN A 6.6.6.83
afTzz2.256.<OURDOM>. 60 IN A 6.6.6.84
afUzz2.256.<OURDOM>. 60 IN A 6.6.6.85
afVzz2.256.<OURDOM>. 60 IN A 6.6.6.86
afWzz2.256.<OURDOM>. 60 IN A 6.6.6.87
afXzz2.256.<OURDOM>. 60 IN A 6.6.6.88
afYzz2.256.<OURDOM>. 60 IN A 6.6.6.89
afZzz2.256.<OURDOM>. 60 IN A 6.6.6.90
af[zz2.256.<OURDOM>. 60 IN A 6.6.6.91
af\\zz2.256.<OURDOM>. 60 IN A 6.6.6.92
af]zz2.256.<OURDOM>. 60 IN A 6.6.6.93
af^zz2.256.<OURDOM>. 60 IN A 6.6.6.94
af_zz2.256.<OURDOM>. 60 IN A 6.6.6.95
af`zz2.256.<OURDOM>. 60 IN A 6.6.6.96
afazz2.256.<OURDOM>. 60 IN A 6.6.6.97
afbzz2.256.<OURDOM>. 60 IN A 6.6.6.98
afczz2.256.<OURDOM>. 60 IN A 6.6.6.99
afdzz2.256.<OURDOM>. 60 IN A 6.6.6.100
afezz2.256.<OURDOM>. 60 IN A 6.6.6.101
affzz2.256.<OURDOM>. 60 IN A 6.6.6.102
afgzz2.256.<OURDOM>. 60 IN A 6.6.6.103
afhzz2.256.<OURDOM>. 60 IN A 6.6.6.104
afizz2.256.<OURDOM>. 60 IN A 6.6.6.105
afjzz2.256.<OURDOM>. 60 IN A 6.6.6.106
afkzz2.256.<OURDOM>. 60 IN A 6.6.6.107
aflzz2.256.<OURDOM>. 60 IN A 6.6.6.108
afmzz2.256.<OURDOM>. 60 IN A 6.6.6.109
afnzz2.256.<OURDOM>. 60 IN A 6.6.6.110
afozz2.256.<OURDOM>. 60 IN A 6.6.6.111
afpzz2.256.<OURDOM>. 60 IN A 6.6.6.112
afqzz2.256.<OURDOM>. 60 IN A 6.6.6.113
afrzz2.256.<OURDOM>. 60 IN A 6.6.6.114
afszz2.256.<OURDOM>. 60 IN A 6.6.6.115
aftzz2.256.<OURDOM>. 60 IN A 6.6.6.116
afuzz2.256.<OURDOM>. 60 IN A 6.6.6.117
afvzz2.256.<OURDOM>. 60 IN A 6.6.6.118
afwzz2.256.<OURDOM>. 60 IN A 6.6.6.119
afxzz2.256.<OURDOM>. 60 IN A 6.6.6.120
afyzz2.256.<OURDOM>. 60 IN A 6.6.6.121
afzzz2.256.<OURDOM>. 60 IN A 6.6.6.122
af{zz2.256.<OURDOM>. 60 IN A 6.6.6.123
af|zz2.256.<OURDOM>. 60 IN A 6.6.6.124
af}zz2.256.<OURDOM>. 60 IN A 6.6.6.125
af~zz2.256.<OURDOM>. 60 IN A 6.6.6.126
af\127zz2.256.<OURDOM>. 60 IN A 6.6.6.127
af\128zz2.256.<OURDOM>. 60 IN A 6.6.6.128
af\129zz2.256.<OURDOM>. 60 IN A 6.6.6.129
af\130zz2.256.<OURDOM>. 60 IN A 6.6.6.130
af\131zz2.256.<OURDOM>. 60 IN A 6.6.6.131
af\132zz2.256.<OURDOM>. 60 IN A 6.6.6.132
af\133zz2.256.<OURDOM>. 60 IN A 6.6.6.133
af\134zz2.256.<OURDOM>. 60 IN A 6.6.6.134
af\135zz2.256.<OURDOM>. 60 IN A 6.6.6.135
af\136zz2.256.<OURDOM>. 60 IN A 6.6.6.136
af\137zz2.256.<OURDOM>. 60 IN A 6.6.6.137
af\138zz2.256.<OURDOM>. 60 IN A 6.6.6.138
af\139zz2.256.<OURDOM>. 60 IN A 6.6.6.139
af\140zz2.256.<OURDOM>. 60 IN A 6.6.6.140
af\141zz2.256.<OURDOM>. 60 IN A 6.6.6.141
af\142zz2.256.<OURDOM>. 60 IN A 6.6.6.142
af\143zz2.256.<OURDOM>. 60 IN A 6.6.6.143
af\144zz2.256.<OURDOM>. 60 IN A 6.6.6.144
af\145zz2.256.<OURDOM>. 60 IN A 6.6.6.145
af\146zz2.256.<OURDOM>. 60 IN A 6.6.6.146
af\147zz2.256.<OURDOM>. 60 IN A 6.6.6.147
af\148zz2.256.<OURDOM>. 60 IN A 6.6.6.148
af\149zz2.256.<OURDOM>. 60 IN A 6.6.6.149
af\150zz2.256.<OURDOM>. 60 IN A 6.6.6.150
af\151zz2.256.<OURDOM>. 60 IN A 6.6.6.151
af\152zz2.256.<OURDOM>. 60 IN A 6.6.6.152
af\153zz2.256.<OURDOM>. 60 IN A 6.6.6.153
af\154zz2.256.<OURDOM>. 60 IN A 6.6.6.154
af\155zz2.256.<OURDOM>. 60 IN A 6.6.6.155
af\156zz2.256.<OURDOM>. 60 IN A 6.6.6.156
af\157zz2.256.<OURDOM>. 60 IN A 6.6.6.157
af\158zz2.256.<OURDOM>. 60 IN A 6.6.6.158
af\159zz2.256.<OURDOM>. 60 IN A 6.6.6.159
af\160zz2.256.<OURDOM>. 60 IN A 6.6.6.160
af\161zz2.256.<OURDOM>. 60 IN A 6.6.6.161
af\162zz2.256.<OURDOM>. 60 IN A 6.6.6.162
af\163zz2.256.<OURDOM>. 60 IN A 6.6.6.163
af\164zz2.256.<OURDOM>. 60 IN A 6.6.6.164
af\165zz2.256.<OURDOM>. 60 IN A 6.6.6.165
af\166zz2.256.<OURDOM>. 60 IN A 6.6.6.166
af\167zz2.256.<OURDOM>. 60 IN A 6.6.6.167
af\168zz2.256.<OURDOM>. 60 IN A 6.6.6.168
af\169zz2.256.<OURDOM>. 60 IN A 6.6.6.169
af\170zz2.256.<OURDOM>. 60 IN A 6.6.6.170
af\171zz2.256.<OURDOM>. 60 IN A 6.6.6.171
af\172zz2.256.<OURDOM>. 60 IN A 6.6.6.172
af\173zz2.256.<OURDOM>. 60 IN A 6.6.6.173
af\174zz2.256.<OURDOM>. 60 IN A 6.6.6.174
af\175zz2.256.<OURDOM>. 60 IN A 6.6.6.175
af\176zz2.256.<OURDOM>. 60 IN A 6.6.6.176
af\177zz2.256.<OURDOM>. 60 IN A 6.6.6.177
af\178zz2.256.<OURDOM>. 60 IN A 6.6.6.178
af\179zz2.256.<OURDOM>. 60 IN A 6.6.6.179
af\180zz2.256.<OURDOM>. 60 IN A 6.6.6.180
af\181zz2.256.<OURDOM>. 60 IN A 6.6.6.181
af\182zz2.256.<OURDOM>. 60 IN A 6.6.6.182
af\183zz2.256.<OURDOM>. 60 IN A 6.6.6.183
af\184zz2.256.<OURDOM>. 60 IN A 6.6.6.184
af\185zz2.256.<OURDOM>. 60 IN A 6.6.6.185
af\186zz2.256.<OURDOM>. 60 IN A 6.6.6.186
af\187zz2.256.<OURDOM>. 60 IN A 6.6.6.187
af\188zz2.256.<OURDOM>. 60 IN A 6.6.6.188
af\189zz2.256.<OURDOM>. 60 IN A 6.6.6.189
af\190zz2.256.<OURDOM>. 60 IN A 6.6.6.190
af\191zz2.256.<OURDOM>. 60 IN A 6.6.6.191
af\192zz2.256.<OURDOM>. 60 IN A 6.6.6.192
af\193zz2.256.<OURDOM>. 60 IN A 6.6.6.193
af\194zz2.256.<OURDOM>. 60 IN A 6.6.6.194
af\195zz2.256.<OURDOM>. 60 IN A 6.6.6.195
af\196zz2.256.<OURDOM>. 60 IN A 6.6.6.196
af\197zz2.256.<OURDOM>. 60 IN A 6.6.6.197
af\198zz2.256.<OURDOM>. 60 IN A 6.6.6.198
af\199zz2.256.<OURDOM>. 60 IN A 6.6.6.199
af\200zz2.256.<OURDOM>. 60 IN A 6.6.6.200
af\201zz2.256.<OURDOM>. 60 IN A 6.6.6.201
af\202zz2.256.<OURDOM>. 60 IN A 6.6.6.202
af\203zz2.256.<OURDOM>. 60 IN A 6.6.6.203
af\204zz2.256.<OURDOM>. 60 IN A 6.6.6.204
af\205zz2.256.<OURDOM>. 60 IN A 6.6.6.205
af\206zz2.256.<OURDOM>. 60 IN A 6.6.6.206
af\207zz2.256.<OURDOM>. 60 IN A 6.6.6.207
af\208zz2.256.<OURDOM>. 60 IN A 6.6.6.208
af\209zz2.256.<OURDOM>. 60 IN A 6.6.6.209
af\210zz2.256.<OURDOM>. 60 IN A 6.6.6.210
af\211zz2.256.<OURDOM>. 60 IN A 6.6.6.211
af\212zz2.256.<OURDOM>. 60 IN A 6.6.6.212
af\213zz2.256.<OURDOM>. 60 IN A 6.6.6.213
af\214zz2.256.<OURDOM>. 60 IN A 6.6.6.214
af\215zz2.256.<OURDOM>. 60 IN A 6.6.6.215
af\216zz2.256.<OURDOM>. 60 IN A 6.6.6.216
af\217zz2.256.<OURDOM>. 60 IN A 6.6.6.217
af\218zz2.256.<OURDOM>. 60 IN A 6.6.6.218
af\219zz2.256.<OURDOM>. 60 IN A 6.6.6.219
af\220zz2.256.<OURDOM>. 60 IN A 6.6.6.220
af\221zz2.256.<OURDOM>. 60 IN A 6.6.6.221
af\222zz2.256.<OURDOM>. 60 IN A 6.6.6.222
af\223zz2.256.<OURDOM>. 60 IN A 6.6.6.223
af\224zz2.256.<OURDOM>. 60 IN A 6.6.6.224
af\225zz2.256.<OURDOM>. 60 IN A 6.6.6.225
af\226zz2.256.<OURDOM>. 60 IN A 6.6.6.226
af\227zz2.256.<OURDOM>. 60 IN A 6.6.6.227
af\228zz2.256.<OURDOM>. 60 IN A 6.6.6.228
af\229zz2.256.<OURDOM>. 60 IN A 6.6.6.229
af\230zz2.256.<OURDOM>. 60 IN A 6.6.6.230
af\231zz2.256.<OURDOM>. 60 IN A 6.6.6.231
af\232zz2.256.<OURDOM>. 60 IN A 6.6.6.232
af\233zz2.256.<OURDOM>. 60 IN A 6.6.6.233
af\234zz2.256.<OURDOM>. 60 IN A 6.6.6.234
af\235zz2.256.<OURDOM>. 60 IN A 6.6.6.235
af\236zz2.256.<OURDOM>. 60 IN A 6.6.6.236
af\237zz2.256.<OURDOM>. 60 IN A 6.6.6.237
af\238zz2.256.<OURDOM>. 60 IN A 6.6.6.238
af\239zz2.256.<OURDOM>. 60 IN A 6.6.6.239
af\240zz2.256.<OURDOM>. 60 IN A 6.6.6.240
af\241zz2.256.<OURDOM>. 60 IN A 6.6.6.241
af\242zz2.256.<OURDOM>. 60 IN A 6.6.6.242
af\243zz2.256.<OURDOM>. 60 IN A 6.6.6.243
af\244zz2.256.<OURDOM>. 60 IN A 6.6.6.244
af\245zz2.256.<OURDOM>. 60 IN A 6.6.6.245
af\246zz2.256.<OURDOM>. 60 IN A 6.6.6.246
af\247zz2.256.<OURDOM>. 60 IN A 6.6.6.247
af\248zz2.256.<OURDOM>. 60 IN A 6.6.6.248
af\249zz2.256.<OURDOM>. 60 IN A 6.6.6.249
af\250zz2.256.<OURDOM>. 60 IN A 6.6.6.250
af\251zz2.256.<OURDOM>. 60 IN A 6.6.6.251
af\252zz2.256.<OURDOM>. 60 IN A 6.6.6.252
af\253zz2.256.<OURDOM>. 60 IN A 6.6.6.253
af\254zz2.256.<OURDOM>. 60 IN A 6.6.6.254
af\255zz2.256.<OURDOM>. 60 IN A 6.6.6.255
afuzz2.256.<OURDOM>. 60 IN A 2.3.4.5

;; SERVER: 127.0.0.1#53(127.0.0.1) (UDP)
;; MSG SIZE  rcvd: <SIZE>
