
;; global options: +cmd
;; Got answer:
;; ->>HEADER<<- opcode: QUERY, status: NOERROR, id: <ID>
;; flags: qr aa; QUERY: 1, ANSWER: 2, AUTHORITY: 0, ADDITIONAL: 0

;; QUESTION SECTION:
;injmx.<OURDOM>. IN NS

;; ANSWER SECTION:
injmx.<OURDOM>. 60 IN NS always<RANDOM>.<OURDOM>.
injected.<OURDOM>. 60 IN MX 0 always<RANDOM>.<OURDOM>.

;; SERVER: 127.0.0.1#53(127.0.0.1) (UDP)
;; MSG SIZE  rcvd: <SIZE>
