;; missing question section
;; Truncated, retrying in TCP mode.
;; missing question section

;; global options: +cmd
;; Got answer:
;; ->>HEADER<<- opcode: QUERY, status: NOERROR, id: <ID>
;; flags: qr aa; QUERY: 0, ANSWER: 1, AUTHORITY: 0, ADDITIONAL: 0

;; ANSWER SECTION:
always123.qurr0.noq.tc.nc.<OURDOM>. 60 IN A 2.3.4.5

;; SERVER: 127.0.0.1#53(127.0.0.1) (TCP)
;; MSG SIZE  rcvd: <SIZE>
