
;; global options: +cmd
;; Got answer:
;; ->>HEADER<<- opcode: QUERY, status: NOERROR, id: <ID>
;; flags: qr aa; QUERY: 1, ANSWER: 255, AUTHORITY: 0, ADDITIONAL: 0

;; QUESTION SECTION:
;255.255.255.10.in-addr.arpa. IN PTR

;; ANSWER SECTION:
255.255.255.10.in-addr.arpa. 60 IN PTR <RANDOM>.<RANDOM>.255.10.in-addr.arpa.
255.255.255.10.in-addr.arpa. 60 IN PTR <RANDOM>.<RANDOM>.255.10.in-addr.arpa.
255.255.255.10.in-addr.arpa. 60 IN PTR <RANDOM>.<RANDOM>.255.10.in-addr.arpa.
255.255.255.10.in-addr.arpa. 60 IN PTR <RANDOM>.<RANDOM>.255.10.in-addr.arpa.
255.255.255.10.in-addr.arpa. 60 IN PTR <RANDOM>.<RANDOM>.255.10.in-addr.arpa.
255.255.255.10.in-addr.arpa. 60 IN PTR <RANDOM>.<RANDOM>.255.10.in-addr.arpa.
255.255.255.10.in-addr.arpa. 60 IN PTR <RANDOM>.<RANDOM>.255.10.in-addr.arpa.
255.255.255.10.in-addr.arpa. 60 IN PTR <RANDOM>.<RANDOM>.255.10.in-addr.arpa.
255.255.255.10.in-addr.arpa. 60 IN PTR <RANDOM>.<RANDOM>.255.10.in-addr.arpa.
255.255.255.10.in-addr.arpa. 60 IN PTR <RANDOM>.<RANDOM>.255.10.in-addr.arpa.
255.255.255.10.in-addr.arpa. 60 IN PTR <RANDOM>.<RANDOM>.255.10.in-addr.arpa.
255.255.255.10.in-addr.arpa. 60 IN PTR <RANDOM>.<RANDOM>.255.10.in-addr.arpa.
255.255.255.10.in-addr.arpa. 60 IN PTR <RANDOM>.<RANDOM>.255.10.in-addr.arpa.
255.255.255.10.in-addr.arpa. 60 IN PTR <RANDOM>.<RANDOM>.255.10.in-addr.arpa.
255.255.255.10.in-addr.arpa. 60 IN PTR <RANDOM>.<RANDOM>.255.10.in-addr.arpa.
255.255.255.10.in-addr.arpa. 60 IN PTR <RANDOM>.<RANDOM>.255.10.in-addr.arpa.
255.255.255.10.in-addr.arpa. 60 IN PTR <RANDOM>.<RANDOM>.255.10.in-addr.arpa.
255.255.255.10.in-addr.arpa. 60 IN PTR <RANDOM>.<RANDOM>.255.10.in-addr.arpa.
255.255.255.10.in-addr.arpa. 60 IN PTR <RANDOM>.<RANDOM>.255.10.in-addr.arpa.
255.255.255.10.in-addr.arpa. 60 IN PTR <RANDOM>.<RANDOM>.255.10.in-addr.arpa.
255.255.255.10.in-addr.arpa. 60 IN PTR <RANDOM>.<RANDOM>.255.10.in-addr.arpa.
255.255.255.10.in-addr.arpa. 60 IN PTR <RANDOM>.<RANDOM>.255.10.in-addr.arpa.
255.255.255.10.in-addr.arpa. 60 IN PTR <RANDOM>.<RANDOM>.255.10.in-addr.arpa.
255.255.255.10.in-addr.arpa. 60 IN PTR <RANDOM>.<RANDOM>.255.10.in-addr.arpa.
255.255.255.10.in-addr.arpa. 60 IN PTR <RANDOM>.<RANDOM>.255.10.in-addr.arpa.
255.255.255.10.in-addr.arpa. 60 IN PTR <RANDOM>.<RANDOM>.255.10.in-addr.arpa.
255.255.255.10.in-addr.arpa. 60 IN PTR <RANDOM>.<RANDOM>.255.10.in-addr.arpa.
255.255.255.10.in-addr.arpa. 60 IN PTR <RANDOM>.<RANDOM>.255.10.in-addr.arpa.
255.255.255.10.in-addr.arpa. 60 IN PTR <RANDOM>.<RANDOM>.255.10.in-addr.arpa.
255.255.255.10.in-addr.arpa. 60 IN PTR <RANDOM>.<RANDOM>.255.10.in-addr.arpa.
255.255.255.10.in-addr.arpa. 60 IN PTR <RANDOM>.<RANDOM>.255.10.in-addr.arpa.
255.255.255.10.in-addr.arpa. 60 IN PTR <RANDOM>.<RANDOM>.255.10.in-addr.arpa.
255.255.255.10.in-addr.arpa. 60 IN PTR <RANDOM>.<RANDOM>.255.10.in-addr.arpa.
255.255.255.10.in-addr.arpa. 60 IN PTR <RANDOM>.<RANDOM>.255.10.in-addr.arpa.
255.255.255.10.in-addr.arpa. 60 IN PTR <RANDOM>.<RANDOM>.255.10.in-addr.arpa.
255.255.255.10.in-addr.arpa. 60 IN PTR <RANDOM>.<RANDOM>.255.10.in-addr.arpa.
255.255.255.10.in-addr.arpa. 60 IN PTR <RANDOM>.<RANDOM>.255.10.in-addr.arpa.
255.255.255.10.in-addr.arpa. 60 IN PTR <RANDOM>.<RANDOM>.255.10.in-addr.arpa.
255.255.255.10.in-addr.arpa. 60 IN PTR <RANDOM>.<RANDOM>.255.10.in-addr.arpa.
255.255.255.10.in-addr.arpa. 60 IN PTR <RANDOM>.<RANDOM>.255.10.in-addr.arpa.
255.255.255.10.in-addr.arpa. 60 IN PTR <RANDOM>.<RANDOM>.255.10.in-addr.arpa.
255.255.255.10.in-addr.arpa. 60 IN PTR <RANDOM>.<RANDOM>.255.10.in-addr.arpa.
255.255.255.10.in-addr.arpa. 60 IN PTR <RANDOM>.<RANDOM>.255.10.in-addr.arpa.
255.255.255.10.in-addr.arpa. 60 IN PTR <RANDOM>.<RANDOM>.255.10.in-addr.arpa.
255.255.255.10.in-addr.arpa. 60 IN PTR <RANDOM>.<RANDOM>.255.10.in-addr.arpa.
255.255.255.10.in-addr.arpa. 60 IN PTR <RANDOM>.<RANDOM>.255.10.in-addr.arpa.
255.255.255.10.in-addr.arpa. 60 IN PTR <RANDOM>.<RANDOM>.255.10.in-addr.arpa.
255.255.255.10.in-addr.arpa. 60 IN PTR <RANDOM>.<RANDOM>.255.10.in-addr.arpa.
255.255.255.10.in-addr.arpa. 60 IN PTR <RANDOM>.<RANDOM>.255.10.in-addr.arpa.
255.255.255.10.in-addr.arpa. 60 IN PTR <RANDOM>.<RANDOM>.255.10.in-addr.arpa.
255.255.255.10.in-addr.arpa. 60 IN PTR <RANDOM>.<RANDOM>.255.10.in-addr.arpa.
255.255.255.10.in-addr.arpa. 60 IN PTR <RANDOM>.<RANDOM>.255.10.in-addr.arpa.
255.255.255.10.in-addr.arpa. 60 IN PTR <RANDOM>.<RANDOM>.255.10.in-addr.arpa.
255.255.255.10.in-addr.arpa. 60 IN PTR <RANDOM>.<RANDOM>.255.10.in-addr.arpa.
255.255.255.10.in-addr.arpa. 60 IN PTR <RANDOM>.<RANDOM>.255.10.in-addr.arpa.
255.255.255.10.in-addr.arpa. 60 IN PTR <RANDOM>.<RANDOM>.255.10.in-addr.arpa.
255.255.255.10.in-addr.arpa. 60 IN PTR <RANDOM>.<RANDOM>.255.10.in-addr.arpa.
255.255.255.10.in-addr.arpa. 60 IN PTR <RANDOM>.<RANDOM>.255.10.in-addr.arpa.
255.255.255.10.in-addr.arpa. 60 IN PTR <RANDOM>.<RANDOM>.255.10.in-addr.arpa.
255.255.255.10.in-addr.arpa. 60 IN PTR <RANDOM>.<RANDOM>.255.10.in-addr.arpa.
255.255.255.10.in-addr.arpa. 60 IN PTR <RANDOM>.<RANDOM>.255.10.in-addr.arpa.
255.255.255.10.in-addr.arpa. 60 IN PTR <RANDOM>.<RANDOM>.255.10.in-addr.arpa.
255.255.255.10.in-addr.arpa. 60 IN PTR <RANDOM>.<RANDOM>.255.10.in-addr.arpa.
255.255.255.10.in-addr.arpa. 60 IN PTR <RANDOM>.<RANDOM>.255.10.in-addr.arpa.
255.255.255.10.in-addr.arpa. 60 IN PTR <RANDOM>.<RANDOM>.255.10.in-addr.arpa.
255.255.255.10.in-addr.arpa. 60 IN PTR <RANDOM>.<RANDOM>.255.10.in-addr.arpa.
255.255.255.10.in-addr.arpa. 60 IN PTR <RANDOM>.<RANDOM>.255.10.in-addr.arpa.
255.255.255.10.in-addr.arpa. 60 IN PTR <RANDOM>.<RANDOM>.255.10.in-addr.arpa.
255.255.255.10.in-addr.arpa. 60 IN PTR <RANDOM>.<RANDOM>.255.10.in-addr.arpa.
255.255.255.10.in-addr.arpa. 60 IN PTR <RANDOM>.<RANDOM>.255.10.in-addr.arpa.
255.255.255.10.in-addr.arpa. 60 IN PTR <RANDOM>.<RANDOM>.255.10.in-addr.arpa.
255.255.255.10.in-addr.arpa. 60 IN PTR <RANDOM>.<RANDOM>.255.10.in-addr.arpa.
255.255.255.10.in-addr.arpa. 60 IN PTR <RANDOM>.<RANDOM>.255.10.in-addr.arpa.
255.255.255.10.in-addr.arpa. 60 IN PTR <RANDOM>.<RANDOM>.255.10.in-addr.arpa.
255.255.255.10.in-addr.arpa. 60 IN PTR <RANDOM>.<RANDOM>.255.10.in-addr.arpa.
255.255.255.10.in-addr.arpa. 60 IN PTR <RANDOM>.<RANDOM>.255.10.in-addr.arpa.
255.255.255.10.in-addr.arpa. 60 IN PTR <RANDOM>.<RANDOM>.255.10.in-addr.arpa.
255.255.255.10.in-addr.arpa. 60 IN PTR <RANDOM>.<RANDOM>.255.10.in-addr.arpa.
255.255.255.10.in-addr.arpa. 60 IN PTR <RANDOM>.<RANDOM>.255.10.in-addr.arpa.
255.255.255.10.in-addr.arpa. 60 IN PTR <RANDOM>.<RANDOM>.255.10.in-addr.arpa.
255.255.255.10.in-addr.arpa. 60 IN PTR <RANDOM>.<RANDOM>.255.10.in-addr.arpa.
255.255.255.10.in-addr.arpa. 60 IN PTR <RANDOM>.<RANDOM>.255.10.in-addr.arpa.
255.255.255.10.in-addr.arpa. 60 IN PTR <RANDOM>.<RANDOM>.255.10.in-addr.arpa.
255.255.255.10.in-addr.arpa. 60 IN PTR <RANDOM>.<RANDOM>.255.10.in-addr.arpa.
255.255.255.10.in-addr.arpa. 60 IN PTR <RANDOM>.<RANDOM>.255.10.in-addr.arpa.
255.255.255.10.in-addr.arpa. 60 IN PTR <RANDOM>.<RANDOM>.255.10.in-addr.arpa.
255.255.255.10.in-addr.arpa. 60 IN PTR <RANDOM>.<RANDOM>.255.10.in-addr.arpa.
255.255.255.10.in-addr.arpa. 60 IN PTR <RANDOM>.<RANDOM>.255.10.in-addr.arpa.
255.255.255.10.in-addr.arpa. 60 IN PTR <RANDOM>.<RANDOM>.255.10.in-addr.arpa.
255.255.255.10.in-addr.arpa. 60 IN PTR <RANDOM>.<RANDOM>.255.10.in-addr.arpa.
255.255.255.10.in-addr.arpa. 60 IN PTR <RANDOM>.<RANDOM>.255.10.in-addr.arpa.
255.255.255.10.in-addr.arpa. 60 IN PTR <RANDOM>.<RANDOM>.255.10.in-addr.arpa.
255.255.255.10.in-addr.arpa. 60 IN PTR <RANDOM>.<RANDOM>.255.10.in-addr.arpa.
255.255.255.10.in-addr.arpa. 60 IN PTR <RANDOM>.<RANDOM>.255.10.in-addr.arpa.
255.255.255.10.in-addr.arpa. 60 IN PTR <RANDOM>.<RANDOM>.255.10.in-addr.arpa.
255.255.255.10.in-addr.arpa. 60 IN PTR <RANDOM>.<RANDOM>.255.10.in-addr.arpa.
255.255.255.10.in-addr.arpa. 60 IN PTR <RANDOM>.<RANDOM>.255.10.in-addr.arpa.
255.255.255.10.in-addr.arpa. 60 IN PTR <RANDOM>.<RANDOM>.255.10.in-addr.arpa.
255.255.255.10.in-addr.arpa. 60 IN PTR <RANDOM>.<RANDOM>.255.10.in-addr.arpa.
255.255.255.10.in-addr.arpa. 60 IN PTR <RANDOM>.<RANDOM>.255.10.in-addr.arpa.
255.255.255.10.in-addr.arpa. 60 IN PTR <RANDOM>.<RANDOM>.255.10.in-addr.arpa.
255.255.255.10.in-addr.arpa. 60 IN PTR <RANDOM>.<RANDOM>.255.10.in-addr.arpa.
255.255.255.10.in-addr.arpa. 60 IN PTR <RANDOM>.<RANDOM>.255.10.in-addr.arpa.
255.255.255.10.in-addr.arpa. 60 IN PTR <RANDOM>.<RANDOM>.255.10.in-addr.arpa.
255.255.255.10.in-addr.arpa. 60 IN PTR <RANDOM>.<RANDOM>.255.10.in-addr.arpa.
255.255.255.10.in-addr.arpa. 60 IN PTR <RANDOM>.<RANDOM>.255.10.in-addr.arpa.
255.255.255.10.in-addr.arpa. 60 IN PTR <RANDOM>.<RANDOM>.255.10.in-addr.arpa.
255.255.255.10.in-addr.arpa. 60 IN PTR <RANDOM>.<RANDOM>.255.10.in-addr.arpa.
255.255.255.10.in-addr.arpa. 60 IN PTR <RANDOM>.<RANDOM>.255.10.in-addr.arpa.
255.255.255.10.in-addr.arpa. 60 IN PTR <RANDOM>.<RANDOM>.255.10.in-addr.arpa.
255.255.255.10.in-addr.arpa. 60 IN PTR <RANDOM>.<RANDOM>.255.10.in-addr.arpa.
255.255.255.10.in-addr.arpa. 60 IN PTR <RANDOM>.<RANDOM>.255.10.in-addr.arpa.
255.255.255.10.in-addr.arpa. 60 IN PTR <RANDOM>.<RANDOM>.255.10.in-addr.arpa.
255.255.255.10.in-addr.arpa. 60 IN PTR <RANDOM>.<RANDOM>.255.10.in-addr.arpa.
255.255.255.10.in-addr.arpa. 60 IN PTR <RANDOM>.<RANDOM>.255.10.in-addr.arpa.
255.255.255.10.in-addr.arpa. 60 IN PTR <RANDOM>.<RANDOM>.255.10.in-addr.arpa.
255.255.255.10.in-addr.arpa. 60 IN PTR <RANDOM>.<RANDOM>.255.10.in-addr.arpa.
255.255.255.10.in-addr.arpa. 60 IN PTR <RANDOM>.<RANDOM>.255.10.in-addr.arpa.
255.255.255.10.in-addr.arpa. 60 IN PTR <RANDOM>.<RANDOM>.255.10.in-addr.arpa.
255.255.255.10.in-addr.arpa. 60 IN PTR <RANDOM>.<RANDOM>.255.10.in-addr.arpa.
255.255.255.10.in-addr.arpa. 60 IN PTR <RANDOM>.<RANDOM>.255.10.in-addr.arpa.
255.255.255.10.in-addr.arpa. 60 IN PTR <RANDOM>.<RANDOM>.255.10.in-addr.arpa.
255.255.255.10.in-addr.arpa. 60 IN PTR <RANDOM>.<RANDOM>.255.10.in-addr.arpa.
255.255.255.10.in-addr.arpa. 60 IN PTR <RANDOM>.<RANDOM>.255.10.in-addr.arpa.
255.255.255.10.in-addr.arpa. 60 IN PTR <RANDOM>.<RANDOM>.255.10.in-addr.arpa.
255.255.255.10.in-addr.arpa. 60 IN PTR <RANDOM>.<RANDOM>.255.10.in-addr.arpa.
255.255.255.10.in-addr.arpa. 60 IN PTR <RANDOM>.<RANDOM>.255.10.in-addr.arpa.
255.255.255.10.in-addr.arpa. 60 IN PTR <RANDOM>.<RANDOM>.255.10.in-addr.arpa.
255.255.255.10.in-addr.arpa. 60 IN PTR <RANDOM>.<RANDOM>.255.10.in-addr.arpa.
255.255.255.10.in-addr.arpa. 60 IN PTR <RANDOM>.<RANDOM>.255.10.in-addr.arpa.
255.255.255.10.in-addr.arpa. 60 IN PTR <RANDOM>.<RANDOM>.255.10.in-addr.arpa.
255.255.255.10.in-addr.arpa. 60 IN PTR <RANDOM>.<RANDOM>.255.10.in-addr.arpa.
255.255.255.10.in-addr.arpa. 60 IN PTR <RANDOM>.<RANDOM>.255.10.in-addr.arpa.
255.255.255.10.in-addr.arpa. 60 IN PTR <RANDOM>.<RANDOM>.255.10.in-addr.arpa.
255.255.255.10.in-addr.arpa. 60 IN PTR <RANDOM>.<RANDOM>.255.10.in-addr.arpa.
255.255.255.10.in-addr.arpa. 60 IN PTR <RANDOM>.<RANDOM>.255.10.in-addr.arpa.
255.255.255.10.in-addr.arpa. 60 IN PTR <RANDOM>.<RANDOM>.255.10.in-addr.arpa.
255.255.255.10.in-addr.arpa. 60 IN PTR <RANDOM>.<RANDOM>.255.10.in-addr.arpa.
255.255.255.10.in-addr.arpa. 60 IN PTR <RANDOM>.<RANDOM>.255.10.in-addr.arpa.
255.255.255.10.in-addr.arpa. 60 IN PTR <RANDOM>.<RANDOM>.255.10.in-addr.arpa.
255.255.255.10.in-addr.arpa. 60 IN PTR <RANDOM>.<RANDOM>.255.10.in-addr.arpa.
255.255.255.10.in-addr.arpa. 60 IN PTR <RANDOM>.<RANDOM>.255.10.in-addr.arpa.
255.255.255.10.in-addr.arpa. 60 IN PTR <RANDOM>.<RANDOM>.255.10.in-addr.arpa.
255.255.255.10.in-addr.arpa. 60 IN PTR <RANDOM>.<RANDOM>.255.10.in-addr.arpa.
255.255.255.10.in-addr.arpa. 60 IN PTR <RANDOM>.<RANDOM>.255.10.in-addr.arpa.
255.255.255.10.in-addr.arpa. 60 IN PTR <RANDOM>.<RANDOM>.255.10.in-addr.arpa.
255.255.255.10.in-addr.arpa. 60 IN PTR <RANDOM>.<RANDOM>.255.10.in-addr.arpa.
255.255.255.10.in-addr.arpa. 60 IN PTR <RANDOM>.<RANDOM>.255.10.in-addr.arpa.
255.255.255.10.in-addr.arpa. 60 IN PTR <RANDOM>.<RANDOM>.255.10.in-addr.arpa.
255.255.255.10.in-addr.arpa. 60 IN PTR <RANDOM>.<RANDOM>.255.10.in-addr.arpa.
255.255.255.10.in-addr.arpa. 60 IN PTR <RANDOM>.<RANDOM>.255.10.in-addr.arpa.
255.255.255.10.in-addr.arpa. 60 IN PTR <RANDOM>.<RANDOM>.255.10.in-addr.arpa.
255.255.255.10.in-addr.arpa. 60 IN PTR <RANDOM>.<RANDOM>.255.10.in-addr.arpa.
255.255.255.10.in-addr.arpa. 60 IN PTR <RANDOM>.<RANDOM>.255.10.in-addr.arpa.
255.255.255.10.in-addr.arpa. 60 IN PTR <RANDOM>.<RANDOM>.255.10.in-addr.arpa.
255.255.255.10.in-addr.arpa. 60 IN PTR <RANDOM>.<RANDOM>.255.10.in-addr.arpa.
255.255.255.10.in-addr.arpa. 60 IN PTR <RANDOM>.<RANDOM>.255.10.in-addr.arpa.
255.255.255.10.in-addr.arpa. 60 IN PTR <RANDOM>.<RANDOM>.255.10.in-addr.arpa.
255.255.255.10.in-addr.arpa. 60 IN PTR <RANDOM>.<RANDOM>.255.10.in-addr.arpa.
255.255.255.10.in-addr.arpa. 60 IN PTR <RANDOM>.<RANDOM>.255.10.in-addr.arpa.
255.255.255.10.in-addr.arpa. 60 IN PTR <RANDOM>.<RANDOM>.255.10.in-addr.arpa.
255.255.255.10.in-addr.arpa. 60 IN PTR <RANDOM>.<RANDOM>.255.10.in-addr.arpa.
255.255.255.10.in-addr.arpa. 60 IN PTR <RANDOM>.<RANDOM>.255.10.in-addr.arpa.
255.255.255.10.in-addr.arpa. 60 IN PTR <RANDOM>.<RANDOM>.255.10.in-addr.arpa.
255.255.255.10.in-addr.arpa. 60 IN PTR <RANDOM>.<RANDOM>.255.10.in-addr.arpa.
255.255.255.10.in-addr.arpa. 60 IN PTR <RANDOM>.<RANDOM>.255.10.in-addr.arpa.
255.255.255.10.in-addr.arpa. 60 IN PTR <RANDOM>.<RANDOM>.255.10.in-addr.arpa.
255.255.255.10.in-addr.arpa. 60 IN PTR <RANDOM>.<RANDOM>.255.10.in-addr.arpa.
255.255.255.10.in-addr.arpa. 60 IN PTR <RANDOM>.<RANDOM>.255.10.in-addr.arpa.
255.255.255.10.in-addr.arpa. 60 IN PTR <RANDOM>.<RANDOM>.255.10.in-addr.arpa.
255.255.255.10.in-addr.arpa. 60 IN PTR <RANDOM>.<RANDOM>.255.10.in-addr.arpa.
255.255.255.10.in-addr.arpa. 60 IN PTR <RANDOM>.<RANDOM>.255.10.in-addr.arpa.
255.255.255.10.in-addr.arpa. 60 IN PTR <RANDOM>.<RANDOM>.255.10.in-addr.arpa.
255.255.255.10.in-addr.arpa. 60 IN PTR <RANDOM>.<RANDOM>.255.10.in-addr.arpa.
255.255.255.10.in-addr.arpa. 60 IN PTR <RANDOM>.<RANDOM>.255.10.in-addr.arpa.
255.255.255.10.in-addr.arpa. 60 IN PTR <RANDOM>.<RANDOM>.255.10.in-addr.arpa.
255.255.255.10.in-addr.arpa. 60 IN PTR <RANDOM>.<RANDOM>.255.10.in-addr.arpa.
255.255.255.10.in-addr.arpa. 60 IN PTR <RANDOM>.<RANDOM>.255.10.in-addr.arpa.
255.255.255.10.in-addr.arpa. 60 IN PTR <RANDOM>.<RANDOM>.255.10.in-addr.arpa.
255.255.255.10.in-addr.arpa. 60 IN PTR <RANDOM>.<RANDOM>.255.10.in-addr.arpa.
255.255.255.10.in-addr.arpa. 60 IN PTR <RANDOM>.<RANDOM>.255.10.in-addr.arpa.
255.255.255.10.in-addr.arpa. 60 IN PTR <RANDOM>.<RANDOM>.255.10.in-addr.arpa.
255.255.255.10.in-addr.arpa. 60 IN PTR <RANDOM>.<RANDOM>.255.10.in-addr.arpa.
255.255.255.10.in-addr.arpa. 60 IN PTR <RANDOM>.<RANDOM>.255.10.in-addr.arpa.
255.255.255.10.in-addr.arpa. 60 IN PTR <RANDOM>.<RANDOM>.255.10.in-addr.arpa.
255.255.255.10.in-addr.arpa. 60 IN PTR <RANDOM>.<RANDOM>.255.10.in-addr.arpa.
255.255.255.10.in-addr.arpa. 60 IN PTR <RANDOM>.<RANDOM>.255.10.in-addr.arpa.
255.255.255.10.in-addr.arpa. 60 IN PTR <RANDOM>.<RANDOM>.255.10.in-addr.arpa.
255.255.255.10.in-addr.arpa. 60 IN PTR <RANDOM>.<RANDOM>.255.10.in-addr.arpa.
255.255.255.10.in-addr.arpa. 60 IN PTR <RANDOM>.<RANDOM>.255.10.in-addr.arpa.
255.255.255.10.in-addr.arpa. 60 IN PTR <RANDOM>.<RANDOM>.255.10.in-addr.arpa.
255.255.255.10.in-addr.arpa. 60 IN PTR <RANDOM>.<RANDOM>.255.10.in-addr.arpa.
255.255.255.10.in-addr.arpa. 60 IN PTR <RANDOM>.<RANDOM>.255.10.in-addr.arpa.
255.255.255.10.in-addr.arpa. 60 IN PTR <RANDOM>.<RANDOM>.255.10.in-addr.arpa.
255.255.255.10.in-addr.arpa. 60 IN PTR <RANDOM>.<RANDOM>.255.10.in-addr.arpa.
255.255.255.10.in-addr.arpa. 60 IN PTR <RANDOM>.<RANDOM>.255.10.in-addr.arpa.
255.255.255.10.in-addr.arpa. 60 IN PTR <RANDOM>.<RANDOM>.255.10.in-addr.arpa.
255.255.255.10.in-addr.arpa. 60 IN PTR <RANDOM>.<RANDOM>.255.10.in-addr.arpa.
255.255.255.10.in-addr.arpa. 60 IN PTR <RANDOM>.<RANDOM>.255.10.in-addr.arpa.
255.255.255.10.in-addr.arpa. 60 IN PTR <RANDOM>.<RANDOM>.255.10.in-addr.arpa.
255.255.255.10.in-addr.arpa. 60 IN PTR <RANDOM>.<RANDOM>.255.10.in-addr.arpa.
255.255.255.10.in-addr.arpa. 60 IN PTR <RANDOM>.<RANDOM>.255.10.in-addr.arpa.
255.255.255.10.in-addr.arpa. 60 IN PTR <RANDOM>.<RANDOM>.255.10.in-addr.arpa.
255.255.255.10.in-addr.arpa. 60 IN PTR <RANDOM>.<RANDOM>.255.10.in-addr.arpa.
255.255.255.10.in-addr.arpa. 60 IN PTR <RANDOM>.<RANDOM>.255.10.in-addr.arpa.
255.255.255.10.in-addr.arpa. 60 IN PTR <RANDOM>.<RANDOM>.255.10.in-addr.arpa.
255.255.255.10.in-addr.arpa. 60 IN PTR <RANDOM>.<RANDOM>.255.10.in-addr.arpa.
255.255.255.10.in-addr.arpa. 60 IN PTR <RANDOM>.<RANDOM>.255.10.in-addr.arpa.
255.255.255.10.in-addr.arpa. 60 IN PTR <RANDOM>.<RANDOM>.255.10.in-addr.arpa.
255.255.255.10.in-addr.arpa. 60 IN PTR <RANDOM>.<RANDOM>.255.10.in-addr.arpa.
255.255.255.10.in-addr.arpa. 60 IN PTR <RANDOM>.<RANDOM>.255.10.in-addr.arpa.
255.255.255.10.in-addr.arpa. 60 IN PTR <RANDOM>.<RANDOM>.255.10.in-addr.arpa.
255.255.255.10.in-addr.arpa. 60 IN PTR <RANDOM>.<RANDOM>.255.10.in-addr.arpa.
255.255.255.10.in-addr.arpa. 60 IN PTR <RANDOM>.<RANDOM>.255.10.in-addr.arpa.
255.255.255.10.in-addr.arpa. 60 IN PTR <RANDOM>.<RANDOM>.255.10.in-addr.arpa.
255.255.255.10.in-addr.arpa. 60 IN PTR <RANDOM>.<RANDOM>.255.10.in-addr.arpa.
255.255.255.10.in-addr.arpa. 60 IN PTR <RANDOM>.<RANDOM>.255.10.in-addr.arpa.
255.255.255.10.in-addr.arpa. 60 IN PTR <RANDOM>.<RANDOM>.255.10.in-addr.arpa.
255.255.255.10.in-addr.arpa. 60 IN PTR <RANDOM>.<RANDOM>.255.10.in-addr.arpa.
255.255.255.10.in-addr.arpa. 60 IN PTR <RANDOM>.<RANDOM>.255.10.in-addr.arpa.
255.255.255.10.in-addr.arpa. 60 IN PTR <RANDOM>.<RANDOM>.255.10.in-addr.arpa.
255.255.255.10.in-addr.arpa. 60 IN PTR <RANDOM>.<RANDOM>.255.10.in-addr.arpa.
255.255.255.10.in-addr.arpa. 60 IN PTR <RANDOM>.<RANDOM>.255.10.in-addr.arpa.
255.255.255.10.in-addr.arpa. 60 IN PTR <RANDOM>.<RANDOM>.255.10.in-addr.arpa.
255.255.255.10.in-addr.arpa. 60 IN PTR <RANDOM>.<RANDOM>.255.10.in-addr.arpa.
255.255.255.10.in-addr.arpa. 60 IN PTR <RANDOM>.<RANDOM>.255.10.in-addr.arpa.
255.255.255.10.in-addr.arpa. 60 IN PTR <RANDOM>.<RANDOM>.255.10.in-addr.arpa.
255.255.255.10.in-addr.arpa. 60 IN PTR <RANDOM>.<RANDOM>.255.10.in-addr.arpa.
255.255.255.10.in-addr.arpa. 60 IN PTR <RANDOM>.<RANDOM>.255.10.in-addr.arpa.
255.255.255.10.in-addr.arpa. 60 IN PTR <RANDOM>.<RANDOM>.255.10.in-addr.arpa.
255.255.255.10.in-addr.arpa. 60 IN PTR <RANDOM>.<RANDOM>.255.10.in-addr.arpa.
255.255.255.10.in-addr.arpa. 60 IN PTR <RANDOM>.<RANDOM>.255.10.in-addr.arpa.
255.255.255.10.in-addr.arpa. 60 IN PTR <RANDOM>.<RANDOM>.255.10.in-addr.arpa.
255.255.255.10.in-addr.arpa. 60 IN PTR <RANDOM>.<RANDOM>.255.10.in-addr.arpa.
255.255.255.10.in-addr.arpa. 60 IN PTR <RANDOM>.<RANDOM>.255.10.in-addr.arpa.
255.255.255.10.in-addr.arpa. 60 IN PTR <RANDOM>.<RANDOM>.255.10.in-addr.arpa.
255.255.255.10.in-addr.arpa. 60 IN PTR <RANDOM>.<RANDOM>.255.10.in-addr.arpa.
255.255.255.10.in-addr.arpa. 60 IN PTR <RANDOM>.<RANDOM>.255.10.in-addr.arpa.
255.255.255.10.in-addr.arpa. 60 IN PTR <RANDOM>.<RANDOM>.255.10.in-addr.arpa.
255.255.255.10.in-addr.arpa. 60 IN PTR <RANDOM>.<RANDOM>.255.10.in-addr.arpa.
255.255.255.10.in-addr.arpa. 60 IN PTR <RANDOM>.<RANDOM>.255.10.in-addr.arpa.
255.255.255.10.in-addr.arpa. 60 IN PTR <RANDOM>.<RANDOM>.255.10.in-addr.arpa.
255.255.255.10.in-addr.arpa. 60 IN PTR <RANDOM>.<RANDOM>.255.10.in-addr.arpa.
255.255.255.10.in-addr.arpa. 60 IN PTR <RANDOM>.<RANDOM>.255.10.in-addr.arpa.
255.255.255.10.in-addr.arpa. 60 IN PTR <RANDOM>.<RANDOM>.255.10.in-addr.arpa.
255.255.255.10.in-addr.arpa. 60 IN PTR <RANDOM>.<RANDOM>.255.10.in-addr.arpa.
255.255.255.10.in-addr.arpa. 60 IN PTR <RANDOM>.<RANDOM>.255.10.in-addr.arpa.
255.255.255.10.in-addr.arpa. 60 IN PTR <RANDOM>.<RANDOM>.255.10.in-addr.arpa.
255.255.255.10.in-addr.arpa. 60 IN PTR <RANDOM>.<RANDOM>.255.10.in-addr.arpa.
255.255.255.10.in-addr.arpa. 60 IN PTR <RANDOM>.<RANDOM>.255.10.in-addr.arpa.
255.255.255.10.in-addr.arpa. 60 IN PTR <RANDOM>.<RANDOM>.255.10.in-addr.arpa.
255.255.255.10.in-addr.arpa. 60 IN PTR <RANDOM>.<RANDOM>.255.10.in-addr.arpa.
255.255.255.10.in-addr.arpa. 60 IN PTR <RANDOM>.<RANDOM>.255.10.in-addr.arpa.
255.255.255.10.in-addr.arpa. 60 IN PTR <RANDOM>.<RANDOM>.255.10.in-addr.arpa.
255.255.255.10.in-addr.arpa. 60 IN PTR <RANDOM>.<RANDOM>.255.10.in-addr.arpa.

;; SERVER: 127.0.0.1#53(127.0.0.1) (UDP)
;; MSG SIZE  rcvd: <SIZE>
