
;; global options: +cmd
;; Got answer:
;; ->>HEADER<<- opcode: QUERY, status: NOERROR, id: <ID>
;; flags: qr aa; QUERY: 1, ANSWER: 1, AUTHORITY: 0, ADDITIONAL: 0

;; QUESTION SECTION:
;100.2.0.192.in-addr.arpa. IN PTR

;; ANSWER SECTION:
100.2.0.192.in-addr.arpa. 60 IN PTR 100.2.0.192.in-addr.arpa.

;; SERVER: 127.0.0.1#53(127.0.0.1) (UDP)
;; MSG SIZE  rcvd: <SIZE>
