;; Warning: Message parser reports malformed message packet.
;; ;; Question section mismatch: got <OURDOM>/SOA/IN
