
;; global options: +cmd
;; Got answer:
;; ->>HEADER<<- opcode: QUERY, status: NOERROR, id: <ID>
;; flags: qr aa; QUERY: 1, ANSWER: 1, AUTHORITY: 0, ADDITIONAL: 0

;; QUESTION SECTION:
;alias.nfz1.s1.p2.m7.6.<OURDOM>. IN A

;; ANSWER SECTION:
alias.nfz1.s1.p2.m7.6.<OURDOM>. 60 IN CNAME alw<NUL><NUL><NUL><NUL><NUL><NUL>ays.<OURDOM>.

;; SERVER: 127.0.0.1#53(127.0.0.1) (UDP)
;; MSG SIZE  rcvd: <SIZE>
