
;; global options: +cmd
;; Got answer:
;; ->>HEADER<<- opcode: QUERY, status: NOERROR, id: <ID>
;; flags: qr aa; QUERY: 1, ANSWER: 2, AUTHORITY: 2, ADDITIONAL: 2

;; QUESTION SECTION:
;injcname.als.<OURDOM>. IN NS

;; ANSWER SECTION:
injcname.als.<OURDOM>. 60 IN NS always<RANDOM>.<OURDOM>.
injected.<OURDOM>. 60 IN CNAME always<RANDOM>.<OURDOM>.

;; AUTHORITY SECTION:
injcname.als.<OURDOM>. 60 IN NS always<RANDOM>.<OURDOM>.
injected.<OURDOM>. 60 IN CNAME always<RANDOM>.<OURDOM>.

;; ADDITIONAL SECTION:
injcname.als.<OURDOM>. 60 IN NS always<RANDOM>.<OURDOM>.
injected.<OURDOM>. 60 IN CNAME always<RANDOM>.<OURDOM>.

;; SERVER: 127.0.0.1#53(127.0.0.1) (UDP)
;; MSG SIZE  rcvd: <SIZE>
