
; <<>> DiG 9.20.7-1-Debian <<>> always123.yourdomain.com NS @127.0.0.1 +tries=1 +timeout=1 -p 53
;; global options: +cmd
;; Got answer:
;; ->>HEADER<<- opcode: QUERY, status: NOERROR, id: 3721
;; flags: qr aa; QUERY: 1, ANSWER: 2, AUTHORITY: 0, ADDITIONAL: 2

;; QUESTION SECTION:
;always123.yourdomain.com.	IN	NS

;; ANSWER SECTION:
always123.yourdomain.com. 60	IN	NS	ns1.yourdomain.com.
always123.yourdomain.com. 60	IN	NS	ns2.yourdomain.com.

;; ADDITIONAL SECTION:
ns1.yourdomain.com.	60	IN	A	127.0.0.1
ns2.yourdomain.com.	60	IN	A	0.0.0.0

;; Query time: 4 msec
;; SERVER: 127.0.0.1#53(127.0.0.1) (UDP)
;; WHEN: Tue Jul 01 13:50:46 +04 2025
;; MSG SIZE  rcvd: 174

