
; <<>> DiG 9.20.7-1-Debian <<>> +tcp afffefdfc.yourdomain.com A @127.0.0.1 +tries=1 +timeout=1 -p 53
;; global options: +cmd
;; Got answer:
;; ->>HEADER<<- opcode: QUERY, status: NOERROR, id: 60914
;; flags: qr aa; QUERY: 1, ANSWER: 1, AUTHORITY: 0, ADDITIONAL: 0

;; QUESTION SECTION:
;afffefdfc.yourdomain.com.	IN	A

;; ANSWER SECTION:
afffefdfc.yourdomain.com. 60	IN	A	255.254.253.252

;; Query time: 0 msec
;; SERVER: 127.0.0.1#53(127.0.0.1) (TCP)
;; WHEN: Tue Jun 24 13:54:14 +04 2025
;; MSG SIZE  rcvd: 58

