
; <<>> DiG 9.20.7-1-Debian <<>> *.wild0.hello.yourdomain.com @127.0.0.1 +tries=1 +timeout=1 -p 53
;; global options: +cmd
;; Got answer:
;; ->>HEADER<<- opcode: QUERY, status: NOERROR, id: 55456
;; flags: qr aa; QUERY: 1, ANSWER: 1, AUTHORITY: 0, ADDITIONAL: 0

;; QUESTION SECTION:
;*.wild0.hello.yourdomain.com.	IN	A

;; ANSWER SECTION:
*.wild0.hello.yourdomain.com. 60 IN	A	3.4.5.6

;; Query time: 12 msec
;; SERVER: 127.0.0.1#53(127.0.0.1) (UDP)
;; WHEN: Wed Jun 25 16:30:12 +04 2025
;; MSG SIZE  rcvd: 62

