;; Truncated, retrying in TCP mode.
;; Warning: Message parser reports malformed message packet.
;; ;; Question section mismatch: got yourdomain.com/SOA/IN
