
; <<>> DiG 9.20.7-1-Debian <<>> +tcp nonexistent.yourdomain.com SOA @127.0.0.1 +tries=1 +timeout=1 -p 53
;; global options: +cmd
;; Got answer:
;; ->>HEADER<<- opcode: QUERY, status: NOERROR, id: 58882
;; flags: qr aa; QUERY: 1, ANSWER: 0, AUTHORITY: 1, ADDITIONAL: 0

;; QUESTION SECTION:
;nonexistent.yourdomain.com.	IN	SOA

;; AUTHORITY SECTION:
yourdomain.com.		60	IN	SOA	ns1.yourdomain.com. hostmaster.yourdomain.com. 2023052903 10800 3600 604800 3600

;; Query time: 8 msec
;; SERVER: 127.0.0.1#53(127.0.0.1) (TCP)
;; WHEN: Thu Jun 19 15:55:29 +04 2025
;; MSG SIZE  rcvd: 137

