
; <<>> DiG 9.20.7-1-Debian <<>> *.wild1.hello.yourdomain.com @127.0.0.1 +tries=1 +timeout=1 -p 53
;; global options: +cmd
;; Got answer:
;; ->>HEADER<<- opcode: QUERY, status: NOERROR, id: 32071
;; flags: qr aa; QUERY: 1, ANSWER: 1, AUTHORITY: 0, ADDITIONAL: 0

;; QUESTION SECTION:
;*.wild1.hello.yourdomain.com.	IN	A

;; ANSWER SECTION:
*.wild1.hello.yourdomain.com. 60 IN	CNAME	always506976.wild1.hello.yourdomain.com.

;; Query time: 12 msec
;; SERVER: 127.0.0.1#53(127.0.0.1) (UDP)
;; WHEN: Wed Jun 25 16:30:12 +04 2025
;; MSG SIZE  rcvd: 99

