
; <<>> DiG 9.20.7-1-Debian <<>> AlIaS.eXaMpLe.yourdomain.com @127.0.0.1 +tries=1 +timeout=1 -p 53
;; global options: +cmd
;; Got answer:
;; ->>HEADER<<- opcode: QUERY, status: NOERROR, id: 44930
;; flags: qr aa; QUERY: 1, ANSWER: 1, AUTHORITY: 0, ADDITIONAL: 0

;; QUESTION SECTION:
;AlIaS.eXaMpLe.yourdomain.com.	IN	A

;; ANSWER SECTION:
AlIaS.eXaMpLe.yourdomain.com. 60 IN	CNAME	AlIaS752167.eXaMpLe.yourdomain.com.

;; Query time: 0 msec
;; SERVER: 127.0.0.1#53(127.0.0.1) (UDP)
;; WHEN: Thu Jun 26 11:25:54 +04 2025
;; MSG SIZE  rcvd: 94

